--------------------------------------------------------------------------------------
Timing Analyzer Summary
--------------------------------------------------------------------------------------

Type           : Worst-case tsu
Slack          : N/A
Required Time  : None
Actual Time    : 15.858 ns
From           : KEY[0]
To             : sdram_interface_de2:u_sdram_if|asyn_fifo:u_vga_fifo|data_count_w[9]
From Clock     : --
To Clock       : CLOCK_50
Failed Paths   : 0

Type           : Worst-case tco
Slack          : N/A
Required Time  : None
Actual Time    : 32.053 ns
From           : vga_interface_de2:u_vga|vga_core_de2:u_vga_core|h_cnt[7]
To             : VGA_R[0]
From Clock     : CLOCK_50
To Clock       : --
Failed Paths   : 0

Type           : Worst-case tpd
Slack          : N/A
Required Time  : None
Actual Time    : 28.658 ns
From           : SW[2]
To             : VGA_G[9]
From Clock     : --
To Clock       : --
Failed Paths   : 0

Type           : Worst-case th
Slack          : N/A
Required Time  : None
Actual Time    : -2.316 ns
From           : OV7670_D[3]
To             : camera_interface_de2:u_camera|fifo_wr_data[3]
From Clock     : --
To Clock       : OV7670_PCLK
Failed Paths   : 0

Type           : Clock Setup: 'sdram_pll_50:u_pll|altpll:altpll_component|_clk0'
Slack          : 7.751 ns
Required Time  : 50.00 MHz ( period = 20.000 ns )
Actual Time    : 81.64 MHz ( period = 12.249 ns )
From           : camera_interface_de2:u_camera|asyn_fifo:u_camera_fifo|data_count_r[7]
To             : camera_interface_de2:u_camera|asyn_fifo:u_camera_fifo|data_count_r[5]
From Clock     : sdram_pll_50:u_pll|altpll:altpll_component|_clk0
To Clock       : sdram_pll_50:u_pll|altpll:altpll_component|_clk0
Failed Paths   : 0

Type           : Clock Setup: 'sdram_pll_50:u_pll|altpll:altpll_component|_clk2'
Slack          : 17.672 ns
Required Time  : 25.00 MHz ( period = 40.000 ns )
Actual Time    : N/A
From           : sdram_interface_de2:u_sdram_if|asyn_fifo:u_vga_fifo|w_ptr_bin[8]
To             : sdram_interface_de2:u_sdram_if|asyn_fifo:u_vga_fifo|w_gray_sync1[8]
From Clock     : sdram_pll_50:u_pll|altpll:altpll_component|_clk0
To Clock       : sdram_pll_50:u_pll|altpll:altpll_component|_clk2
Failed Paths   : 0

Type           : Clock Setup: 'OV7670_PCLK'
Slack          : N/A
Required Time  : None
Actual Time    : 169.87 MHz ( period = 5.887 ns )
From           : camera_interface_de2:u_camera|asyn_fifo:u_camera_fifo|full
To             : camera_interface_de2:u_camera|asyn_fifo:u_camera_fifo|full
From Clock     : OV7670_PCLK
To Clock       : OV7670_PCLK
Failed Paths   : 0

Type           : Clock Hold: 'sdram_pll_50:u_pll|altpll:altpll_component|_clk0'
Slack          : 0.391 ns
Required Time  : 50.00 MHz ( period = 20.000 ns )
Actual Time    : N/A
From           : camera_interface_de2:u_camera|ov7670_controller:u_ov7670_config|I2C_Controller:u_i2c|sda_oe
To             : camera_interface_de2:u_camera|ov7670_controller:u_ov7670_config|I2C_Controller:u_i2c|sda_oe
From Clock     : sdram_pll_50:u_pll|altpll:altpll_component|_clk0
To Clock       : sdram_pll_50:u_pll|altpll:altpll_component|_clk0
Failed Paths   : 0

Type           : Clock Hold: 'sdram_pll_50:u_pll|altpll:altpll_component|_clk2'
Slack          : 0.553 ns
Required Time  : 25.00 MHz ( period = 40.000 ns )
Actual Time    : N/A
From           : sdram_interface_de2:u_sdram_if|asyn_fifo:u_vga_fifo|r_ptr_bin[10]
To             : sdram_interface_de2:u_sdram_if|asyn_fifo:u_vga_fifo|r_ptr_bin[10]
From Clock     : sdram_pll_50:u_pll|altpll:altpll_component|_clk2
To Clock       : sdram_pll_50:u_pll|altpll:altpll_component|_clk2
Failed Paths   : 0

Type           : Total number of failed paths
Slack          : 
Required Time  : 
Actual Time    : 
From           : 
To             : 
From Clock     : 
To Clock       : 
Failed Paths   : 0

--------------------------------------------------------------------------------------

